
=== 测试报告 ===
开始时间: 2025-04-07 21:49:13
结束时间: 2025-04-07 21:49:13
执行时间: 0.00 秒
总用例数: 4
成功用例: 4
失败用例: 0
错误用例: 0

=== 详细信息 ===